/**
 * Plugin Name: Test theme
 * Version: 1.0
 * Author: Ann Doe
 * License: GNU General Public License v2 or later
 * License URI: http://www.gnu.org/licenses/gpl-2.0.html
 * Text Domain: testplugindomain
 */